🔬 Starting new analysis...

Analysis ID: b595e063-76a8-44ac-a457-32a9255abe52 

[0s] Status: running | Progress: 30%
[2s] Status: running | Progress: 30%
[4s] Status: running | Progress: 30%
[6s] Status: running | Progress: 30%
[8s] Status: running | Progress: 30%
[10s] Status: running | Progress: 30%
[12s] Status: running | Progress: 30%
[14s] Status: running | Progress: 30%
[16s] Status: running | Progress: 30%
[18s] Status: running | Progress: 30%
[20s] Status: running | Progress: 30%
[22s] Status: running | Progress: 30%
[24s] Status: running | Progress: 30%
[26s] Status: running | Progress: 30%
[28s] Status: running | Progress: 30%
[30s] Status: running | Progress: 30%
[32s] Status: running | Progress: 30%
[34s] Status: running | Progress: 30%
[36s] Status: completed | Progress: 100%

✅ Analysis finished!

